/private/tmp/trureturing-cw-solidification-20261006/src/CWSolid/DerivedRealization.lean:49:4: warning: Try this: 
  haveI̵

The goal is a proposition, so `have` is preferred over `haveI`.
The difference between `have` and `haveI` is that `haveI` inlines the value.
But this is not relevant for proofs because of proof irrelevance.

Note: This linter can be disabled with `set_option linter.style.haveILetI false`
/private/tmp/trureturing-cw-solidification-20261006/src/CWSolid/DerivedRealization.lean:51:4: warning: Try this: 
  haveI̵

The goal is a proposition, so `have` is preferred over `haveI`.
The difference between `have` and `haveI` is that `haveI` inlines the value.
But this is not relevant for proofs because of proof irrelevance.

Note: This linter can be disabled with `set_option linter.style.haveILetI false`
/private/tmp/trureturing-cw-solidification-20261006/src/CWSolid/DerivedRealization.lean:62:4: warning: Try this: 
  haveI̵

The goal is a proposition, so `have` is preferred over `haveI`.
The difference between `have` and `haveI` is that `haveI` inlines the value.
But this is not relevant for proofs because of proof irrelevance.

Note: This linter can be disabled with `set_option linter.style.haveILetI false`
/private/tmp/trureturing-cw-solidification-20261006/src/CWSolid/DerivedRealization.lean:71:4: warning: Try this: 
  haveI̵

The goal is a proposition, so `have` is preferred over `haveI`.
The difference between `have` and `haveI` is that `haveI` inlines the value.
But this is not relevant for proofs because of proof irrelevance.

Note: This linter can be disabled with `set_option linter.style.haveILetI false`
/private/tmp/trureturing-cw-solidification-20261006/src/CWSolid/DerivedRealization.lean:85:4: warning: Try this: 
  haveI̵

The goal is a proposition, so `have` is preferred over `haveI`.
The difference between `have` and `haveI` is that `haveI` inlines the value.
But this is not relevant for proofs because of proof irrelevance.

Note: This linter can be disabled with `set_option linter.style.haveILetI false`
/private/tmp/trureturing-cw-solidification-20261006/src/CWSolid/DerivedRealization.lean:93:2: warning: Try this: 
  haveI̵

The goal is a proposition, so `have` is preferred over `haveI`.
The difference between `have` and `haveI` is that `haveI` inlines the value.
But this is not relevant for proofs because of proof irrelevance.

Note: This linter can be disabled with `set_option linter.style.haveILetI false`
/private/tmp/trureturing-cw-solidification-20261006/src/CWSolid/DerivedRealization.lean:145:2: warning: Try this: 
  haveI̵

The goal is a proposition, so `have` is preferred over `haveI`.
The difference between `have` and `haveI` is that `haveI` inlines the value.
But this is not relevant for proofs because of proof irrelevance.

Note: This linter can be disabled with `set_option linter.style.haveILetI false`
/private/tmp/trureturing-cw-solidification-20261006/src/CWSolid/DerivedRealization.lean:162:2: warning: Try this: 
  haveI̵

The goal is a proposition, so `have` is preferred over `haveI`.
The difference between `have` and `haveI` is that `haveI` inlines the value.
But this is not relevant for proofs because of proof irrelevance.

Note: This linter can be disabled with `set_option linter.style.haveILetI false`
/private/tmp/trureturing-cw-solidification-20261006/src/CWSolid/DerivedRealization.lean:164:2: warning: Try this: 
  haveI̵

The goal is a proposition, so `have` is preferred over `haveI`.
The difference between `have` and `haveI` is that `haveI` inlines the value.
But this is not relevant for proofs because of proof irrelevance.

Note: This linter can be disabled with `set_option linter.style.haveILetI false`
/private/tmp/trureturing-cw-solidification-20261006/src/CWSolid/DerivedRealization.lean:176:2: warning: Try this: 
  haveI̵

The goal is a proposition, so `have` is preferred over `haveI`.
The difference between `have` and `haveI` is that `haveI` inlines the value.
But this is not relevant for proofs because of proof irrelevance.

Note: This linter can be disabled with `set_option linter.style.haveILetI false`
/private/tmp/trureturing-cw-solidification-20261006/src/CWSolid/DerivedRealization.lean:196:4: warning: Try this: 
  haveI̵

The goal is a proposition, so `have` is preferred over `haveI`.
The difference between `have` and `haveI` is that `haveI` inlines the value.
But this is not relevant for proofs because of proof irrelevance.

Note: This linter can be disabled with `set_option linter.style.haveILetI false`
/private/tmp/trureturing-cw-solidification-20261006/src/CWSolid/DerivedRealization.lean:202:4: warning: Try this: 
  haveI̵

The goal is a proposition, so `have` is preferred over `haveI`.
The difference between `have` and `haveI` is that `haveI` inlines the value.
But this is not relevant for proofs because of proof irrelevance.

Note: This linter can be disabled with `set_option linter.style.haveILetI false`
/private/tmp/trureturing-cw-solidification-20261006/src/CWSolid/DerivedRealization.lean:230:2: warning: Try this: 
  haveI̵

The goal is a proposition, so `have` is preferred over `haveI`.
The difference between `have` and `haveI` is that `haveI` inlines the value.
But this is not relevant for proofs because of proof irrelevance.

Note: This linter can be disabled with `set_option linter.style.haveILetI false`
/private/tmp/trureturing-cw-solidification-20261006/src/CWSolid/DerivedRealization.lean:242:2: warning: Try this: 
  haveI̵

The goal is a proposition, so `have` is preferred over `haveI`.
The difference between `have` and `haveI` is that `haveI` inlines the value.
But this is not relevant for proofs because of proof irrelevance.

Note: This linter can be disabled with `set_option linter.style.haveILetI false`
/private/tmp/trureturing-cw-solidification-20261006/src/CWSolid/DerivedRealization.lean:254:2: warning: Try this: 
  haveI̵

The goal is a proposition, so `have` is preferred over `haveI`.
The difference between `have` and `haveI` is that `haveI` inlines the value.
But this is not relevant for proofs because of proof irrelevance.

Note: This linter can be disabled with `set_option linter.style.haveILetI false`
'LightCondensed.Solid.derivedSolid_hasSmallCoproducts' depends on axioms: [propext, Classical.choice, Quot.sound]
'LightCondensed.Solid.derivedLightCondAb_hasSmallCoproducts' depends on axioms: [propext, Classical.choice, Quot.sound]
'LightCondensed.Solid.derivedLocal_hasSmallCoproducts' depends on axioms: [propext, Classical.choice, Quot.sound]
'LightCondensed.Solid.derivedInclusion_preservesSmallCoproducts' depends on axioms: [propext,
 Classical.choice,
 Quot.sound]
'LightCondensed.Solid.derivedInclusionToLocal_preservesSmallCoproducts' depends on axioms: [propext,
 Classical.choice,
 Quot.sound]
'LightCondensed.Solid.derivedLocalReflection_realized_complex' depends on axioms: [propext,
 Classical.choice,
 Quot.sound]
'LightCondensed.Solid.derivedInclusionToLocal_essSurj' depends on axioms: [propext, Classical.choice, Quot.sound]
'LightCondensed.Solid.derivedSolidLocalEquivalence' depends on axioms: [propext, Classical.choice, Quot.sound]
